// Jest Snapshot v1, https://goo.gl/fbAQLP

exports[`Home page of App Build the snapshot of the Home component safely 1`] = `
Object {
  "asFragment": [Function],
  "baseElement": <body>
    <div>
      <div
        class="Navigation-bar"
      >
        <h1>
          Math Magician
        </h1>
        <div
          class="navLinks"
        >
          <a
            activeclassname="nav-active"
            aria-current="page"
            class="link-el active"
            href="/"
          >
            Home
          </a>
          <a
            activeclassname="nav-active"
            class="link-el"
            href="/Calculator"
          >
            Calculator
          </a>
          <a
            activeclassname="nav-active"
            class="link-el"
            href="/Quotes"
          >
            Quotes
          </a>
        </div>
      </div>
    </div>
  </body>,
  "container": <div>
    <div
      class="Navigation-bar"
    >
      <h1>
        Math Magician
      </h1>
      <div
        class="navLinks"
      >
        <a
          activeclassname="nav-active"
          aria-current="page"
          class="link-el active"
          href="/"
        >
          Home
        </a>
        <a
          activeclassname="nav-active"
          class="link-el"
          href="/Calculator"
        >
          Calculator
        </a>
        <a
          activeclassname="nav-active"
          class="link-el"
          href="/Quotes"
        >
          Quotes
        </a>
      </div>
    </div>
  </div>,
  "debug": [Function],
  "findAllByAltText": [Function],
  "findAllByDisplayValue": [Function],
  "findAllByLabelText": [Function],
  "findAllByPlaceholderText": [Function],
  "findAllByRole": [Function],
  "findAllByTestId": [Function],
  "findAllByText": [Function],
  "findAllByTitle": [Function],
  "findByAltText": [Function],
  "findByDisplayValue": [Function],
  "findByLabelText": [Function],
  "findByPlaceholderText": [Function],
  "findByRole": [Function],
  "findByTestId": [Function],
  "findByText": [Function],
  "findByTitle": [Function],
  "getAllByAltText": [Function],
  "getAllByDisplayValue": [Function],
  "getAllByLabelText": [Function],
  "getAllByPlaceholderText": [Function],
  "getAllByRole": [Function],
  "getAllByTestId": [Function],
  "getAllByText": [Function],
  "getAllByTitle": [Function],
  "getByAltText": [Function],
  "getByDisplayValue": [Function],
  "getByLabelText": [Function],
  "getByPlaceholderText": [Function],
  "getByRole": [Function],
  "getByTestId": [Function],
  "getByText": [Function],
  "getByTitle": [Function],
  "queryAllByAltText": [Function],
  "queryAllByDisplayValue": [Function],
  "queryAllByLabelText": [Function],
  "queryAllByPlaceholderText": [Function],
  "queryAllByRole": [Function],
  "queryAllByTestId": [Function],
  "queryAllByText": [Function],
  "queryAllByTitle": [Function],
  "queryByAltText": [Function],
  "queryByDisplayValue": [Function],
  "queryByLabelText": [Function],
  "queryByPlaceholderText": [Function],
  "queryByRole": [Function],
  "queryByTestId": [Function],
  "queryByText": [Function],
  "queryByTitle": [Function],
  "rerender": [Function],
  "unmount": [Function],
}
`;
